------------------------------------------------------------
TimeQuest Timing Analyzer Summary
------------------------------------------------------------

Type  : Slow Model Setup 'CLOCK_50'
Slack : -3.051
TNS   : -70.834

Type  : Slow Model Setup 'clk'
Slack : -0.067
TNS   : -0.121

Type  : Slow Model Hold 'CLOCK_50'
Slack : -2.549
TNS   : -2.549

Type  : Slow Model Hold 'clk'
Slack : 0.391
TNS   : 0.000

Type  : Slow Model Recovery 'clk'
Slack : -1.333
TNS   : -5.332

Type  : Slow Model Removal 'clk'
Slack : 1.810
TNS   : 0.000

Type  : Slow Model Minimum Pulse Width 'CLOCK_50'
Slack : -1.380
TNS   : -34.380

Type  : Slow Model Minimum Pulse Width 'clk'
Slack : -0.500
TNS   : -4.000

Type  : Fast Model Setup 'CLOCK_50'
Slack : -0.915
TNS   : -16.640

Type  : Fast Model Setup 'clk'
Slack : 0.506
TNS   : 0.000

Type  : Fast Model Hold 'CLOCK_50'
Slack : -1.592
TNS   : -1.592

Type  : Fast Model Hold 'clk'
Slack : 0.215
TNS   : 0.000

Type  : Fast Model Recovery 'clk'
Slack : -0.171
TNS   : -0.684

Type  : Fast Model Removal 'clk'
Slack : 0.905
TNS   : 0.000

Type  : Fast Model Minimum Pulse Width 'CLOCK_50'
Slack : -1.380
TNS   : -34.380

Type  : Fast Model Minimum Pulse Width 'clk'
Slack : -0.500
TNS   : -4.000

------------------------------------------------------------
